// Jest Snapshot v1, https://goo.gl/fbAQLP

exports[`Should render create expense page correctly 1`] = `
<div>
  <h1>
    Create Expense
  </h1>
  <ExpenseForm
    onSubmit={[Function]}
  />
</div>
`;
