// Jest Snapshot v1, https://goo.gl/fbAQLP

exports[`Should render expense list item with expenses 1`] = `
<div>
  <Link
    replace={false}
    to="/edit/1"
  >
    <h3>
      Hello
    </h3>
  </Link>
  <p>
    100
     - 
    0
  </p>
</div>
`;
